// Jest Snapshot v1, https://goo.gl/fbAQLP

exports[`<Transacao /> should have always the same component snapshot 1`] = `
<div
  class="transacao-container"
>
  <p>
    01/11/2020
  </p>
  <p>
    saque
  </p>
  <p>
    R$ 
    20.00
  </p>
</div>
`;
